=== LOGS ===
06-02 20:32:32.662 D/TrimMemoryHandler( 1667): ProcessRecord{31d5dc5 0:com.sdk.video.sample/u0a413} hasForegroundActivities, skip trim
06-02 20:32:40.541 I/ActivityManager( 1667): Force stopping com.sdk.video.sample appid=10413 user=0: from pid 24552
06-02 20:32:40.938 I/ActivityManager( 1667): Force stopping com.sdk.video.sample appid=10413 user=0: from pid 24571
06-02 20:32:40.993 I/ActivityTaskManager( 1667): START u0 {act=android.intent.action.MAIN cat=[android.intent.category.LAUNCHER] flg=0x10000000 cmp=com.sdk.video.sample/.MainActivity mCallingUid=2000} from uid 2000
06-02 20:32:40.999 I/OplusScreenSecurityMask( 1667): onStackAdded task = Task{d1df51a #1110 type=standard A=10413:com.sdk.video.sample U=0 visible=false visibleRequested=false mode=fullscreen translucent=true sz=0} record = null displayId = 0
06-02 20:32:41.002 D/TaskFragmentExtImpl( 1667): add ActivityRecord{9367e3c u0 com.sdk.video.sample/.MainActivity} t1110} to mActivityRecordSum = Counter{ com.sdk.video.sample/.MainActivity(1) }
06-02 20:32:41.005 D/ActivityTaskManager( 1667): getStartingWindowType: newTask=true, taskSwitch=true, processRunning=false, allowTaskSnapshot=true, activityCreated=false, snapshot=null, record:ActivityRecord{9367e3c u0 com.sdk.video.sample/.MainActivity} t1110}
06-02 20:32:41.006 D/OplusZoomWindowRUSConfigManager( 1667): isSupportZoomModeWithPolicyLocked: target = com.sdk.video.sample/.MainActivity
06-02 20:32:41.006 D/OplusZoomWindowRUSConfigManager( 1667): targetPkg = com.sdk.video.sample
06-02 20:32:41.016 D/OplusFullScreenDisplayManager( 1667): adjustWindowParamsLw com.sdk.video.sample, no change cutoutMode: 0
06-02 20:32:41.018 I/WindowManager( 1667): addWindow: New client android.os.BinderProxy@e174e27 : window=Window{2e658d4 u0 Splash Screen com.sdk.video.sample}
06-02 20:32:41.021 D/CoreBackPreview( 1667): Window{2e658d4 u0 Splash Screen com.sdk.video.sample}: Setting back callback OnBackInvokedCallbackInfo{mCallback=android.window.IOnBackInvokedCallback$Stub$Proxy@3ee0d72, mPriority=0}
06-02 20:32:41.025 I/ActivityManager( 1667): Start proc 20573:com.sdk.video.sample/u0a413 for next-top-activity {com.sdk.video.sample/com.sdk.video.sample.MainActivity}
06-02 20:32:41.029 D/OplusFullScreenDisplayManager( 1667): adjustWindowParamsLw com.sdk.video.sample, no change cutoutMode: 0
06-02 20:32:41.029 V/WindowManager( 1667): Relayout Window{2e658d4 u0 Splash Screen com.sdk.video.sample}: viewVisibility=0, oldvis=0, req=1080x2400
06-02 20:32:41.029 I/WindowManager( 1667): Window{2e658d4 u0 Splash Screen com.sdk.video.sample} state from NO_SURFACE to DRAW_PENDING; reason: resetDrawState
06-02 20:32:41.051 I/WindowManager( 1667): Window{2e658d4 u0 Splash Screen com.sdk.video.sample} state from DRAW_PENDING to COMMIT_DRAW_PENDING; reason: finishDrawingLocked
06-02 20:32:41.051 D/WindowManager( 1667): finishDrawingLocked forceApplyNow=false,2,Window{2e658d4 u0 Splash Screen com.sdk.video.sample}
06-02 20:32:41.051 I/WindowManager( 1667): Window{2e658d4 u0 Splash Screen com.sdk.video.sample} state from COMMIT_DRAW_PENDING to READY_TO_SHOW; reason: commitFinishDrawingLocked
06-02 20:32:41.055 I/WindowManager( 1667): Window{2e658d4 u0 Splash Screen com.sdk.video.sample} state from READY_TO_SHOW to HAS_DRAWN; reason: performShowLocked
06-02 20:32:41.061 I/WindowStateExtImpl( 1667): onSurfaceShowChange show = true mPackageName = com.sdk.video.sample parentPkgName = com.sdk.video.sample
06-02 20:32:41.078 I/OplusAppSwitchManagerService( 1667): appswitch hasProcess ActivityRecord{9367e3c u0 com.sdk.video.sample/.MainActivity} t1110}
06-02 20:32:41.079 I/OplusAppSwitchManagerService( 1667): appswitch hasProcess ActivityRecord{9367e3c u0 com.sdk.video.sample/.MainActivity} t1110}
06-02 20:32:41.079 D/ActivityTaskManager( 1667): onWindowFocusChanged Task{d1df51a #1110 type=standard A=10413:com.sdk.video.sample U=0 visible=true visibleRequested=true mode=fullscreen translucent=false sz=1} would transfer to compact
06-02 20:32:41.083 D/OplusKeepAliveManager( 1667): TOP_APP is ProcessRecord{ca0a5c3 20573:com.sdk.video.sample/u0a413} uid is 10413
06-02 20:32:41.086 D/OplusAppSwitchListener( 1667): Detect com.sdk.video.sample switch to foreground
06-02 20:32:41.086 D/OplusEapManager( 1667): mTargetEnterName :com.sdk.video.sample
06-02 20:32:41.086 D/VRR [OPlusFrontAppManager]( 1667): OnAppSwitchObserver: onAppEnter , info.targetName = com.sdk.video.sample
06-02 20:32:41.086 D/VRR [OPlusFrontAppManager]( 1667): packageName: com.sdk.video.sample
06-02 20:32:41.086 D/VRR [OPlusRefreshRateService]( 1667): handleFrontAppChange pkgName: com.sdk.video.sample
06-02 20:32:41.086 D/VRR [OPlusExternalRefreshRateManager]( 1667): setFrontPackageName pkgName: com.sdk.video.sample CurPkgName: null
06-02 20:32:41.117 D/OplusBatteryServiceFeature( 1667): setSmartCoolDown: coolDown = 5, normalCoolDown = 5, pkgName = com.sdk.video.sample
06-02 20:32:41.130 D/OplusAppListInterceptManager( 1667): shouldFilterTask::packageName = com.sdk.video.sample
06-02 20:32:41.340 I/OplusAppSwitchManagerService( 1667):  handleAppVisible , r = ActivityRecord{9367e3c u0 com.sdk.video.sample/.MainActivity} t1110}
06-02 20:32:41.589 I/Quality (20573): Odex status:io-error-no-oat filter:run-from-apk reason:unknown location:/data/app/~~wOklsdGb4xNjvXHlvDwM3w==/com.sdk.video.sample-BhWVnQhiZcXPLwpSE5S2IQ==/base.apk cost:421
06-02 20:32:41.592 I/Quality (20573): ActivityThread: createClassLoader delay 425 /data/app/~~wOklsdGb4xNjvXHlvDwM3w==/com.sdk.video.sample-BhWVnQhiZcXPLwpSE5S2IQ==/base.apk 20573
06-02 20:32:41.594 I/Quality (20573): ActivityThread: createOrUpdateClassLoaderLocked delay 428 com.sdk.video.sample 20573
06-02 20:32:41.676 I/Quality (20573): ActivityThread: bindApplication delay 536 com.sdk.video.sample 20573
06-02 20:32:41.677 I/ConfigurationController(20573): handleConfigurationChanged: true, config: {1.0 ?mcc?mnc [zh_CN] ldltr sw360dp w360dp h744dp 480dpi nrml long hdr port finger -keyb/h/h -nav/h winConfig={ mBounds=Rect(0, 0 - 1080, 2400) mAppBounds=Rect(0, 120 - 1080, 2352) mMaxBounds=Rect(0, 0 - 1080, 2400) mDisplayRotation=ROTATION_0 mWindowingMode=fullscreen mDisplayWindowingMode=fullscreen mActivityType=undefined mAlwaysOnTop=undefined mRotation=ROTATION_0} s.1116 fontWeightAdjustment=0mThemeChanged= 0, mThemeChangedFlags= 0, mFlipFont= 0, mAccessibleChanged= -1, mUxIconConfig= 3468921665126662176, mMaterialColor= 0, mUserId= 0, mFontUserId= 0, mFontVariationSettings= 226, mFoldingAngle = -1.0, mIconPackName= , mDarkModeBackgroundMaxL= 8.0, mDarkModeDialogBgMaxL= 27.0, mDarkModeForegroundMinL= 100.0, mOplusConfigType= 1, mOplusChangedConfigs= 0, OpSans= 0, mBurmeseFontFlag= 2, mFlag= 0, mPuttDisplayFlag= -1} 
06-02 20:32:41.677 I/ConfigurationController(20573): , curconfig: {1.0 ?mcc?mnc [zh_CN] ldltr sw360dp w360dp h744dp 480dpi nrml long hdr port finger -keyb/h/h -nav/h winConfig={ mBounds=Rect(0, 0 - 1080, 2400) mAppBounds=Rect(0, 120 - 1080, 2352) mMaxBounds=Rect(0, 0 - 1080, 2400) mDisplayRotation=ROTATION_0 mWindowingMode=fullscreen mDisplayWindowingMode=fullscreen mActivityType=undefined mAlwaysOnTop=undefined mRotation=ROTATION_0} s.1116 fontWeightAdjustment=0mThemeChanged= 0, mThemeChangedFlags= 0, mFlipFont= 0, mAccessibleChanged= -1, mUxIconConfig= 3468921665126662176, mMaterialColor= 0, mUserId= 0, mFontUserId= 0, mFontVariationSettings= 226, mFoldingAngle = -1.0, mIconPackName= , mDarkModeBackgroundMaxL= 8.0, mDarkModeDialogBgMaxL= 27.0, mDarkModeForegroundMinL= 100.0, mOplusConfigType= 1, mOplusChangedConfigs= 0, OpSans= 0, mBurmeseFontFlag= 2, mFlag= 0, mPuttDisplayFlag= -1} 
06-02 20:32:41.677 I/ConfigurationController(20573): android.app.ActivityThread.handleLaunchActivity:3999 android.app.servertransaction.LaunchActivityItem.execute:111 android.app.servertransaction.TransactionExecutor.executeCallbacks:135 android.app.servertransaction.TransactionExecutor.execute:95 android.app.ActivityThread$H.handleMessage:2470 android.os.Handler.dispatchMessage:106 android.os.Looper.loopOnce:240 android.os.Looper.loop:351 android.app.ActivityThread.main:8423 java.lang.reflect.Method.invoke:-2 
06-02 20:32:41.796 D/OplusInputMethodUtil(20573): init sDebug to false, init sDebugIme to false, init sAlwaysOn to false
06-02 20:32:41.796 D/OplusInputMethodUtil(20573): updateDebugToClass InputMethodManager.DEBUG = false
06-02 20:32:41.796 D/OplusInputMethodUtil(20573): updateDebugToClass ImeFocusController.DEBUG = false
06-02 20:32:41.796 D/OplusInputMethodUtil(20573): updateDebugToClass BaseInputConnection.DEBUG = false
06-02 20:32:41.796 D/OplusInputMethodUtil(20573): updateDebugToClass ImeFocusController.sDebugIme = false
06-02 20:32:41.810 D/OplusFullScreenDisplayManager( 1667): adjustWindowParamsLw com.sdk.video.sample, no change cutoutMode: 0
06-02 20:32:41.813 I/WindowManager( 1667): addWindow: New client android.os.BinderProxy@c29efc4 : window=Window{a80fead u0 com.sdk.video.sample/com.sdk.video.sample.MainActivity}
06-02 20:32:41.816 D/CoreBackPreview( 1667): Window{a80fead u0 com.sdk.video.sample/com.sdk.video.sample.MainActivity}: Setting back callback OnBackInvokedCallbackInfo{mCallback=android.window.IOnBackInvokedCallback$Stub$Proxy@f729d73, mPriority=0}
06-02 20:32:41.819 I/Quality (20573): Skipped: false 1 cost 30.13846 refreshRate 16623263 bit true processName com.sdk.video.sample
06-02 20:32:42.001 D/OplusFullScreenDisplayManager( 1667): adjustWindowParamsLw com.sdk.video.sample, no change cutoutMode: 0
06-02 20:32:42.001 V/WindowManager( 1667): Relayout Window{a80fead u0 com.sdk.video.sample/com.sdk.video.sample.MainActivity}: viewVisibility=0, oldvis=4, req=1080x2400
06-02 20:32:42.001 I/WindowManager( 1667): Window{a80fead u0 com.sdk.video.sample/com.sdk.video.sample.MainActivity} state from NO_SURFACE to DRAW_PENDING; reason: resetDrawState
06-02 20:32:42.008 V/WindowManager( 1667): Changing focus from null to Window{a80fead u0 com.sdk.video.sample/com.sdk.video.sample.MainActivity},diplayid=0
06-02 20:32:42.368 I/Quality (20573): ActivityThread: performLayout delay 349 com.sdk.video.sample 20573
06-02 20:32:42.475 D/VRR [OPlusExternalRefreshRateManager]( 1667): isPkgTfcEnable: pkgName = com.sdk.video.sample, enable = false
06-02 20:32:42.475 D/VRR [OPlusExternalRefreshRateManager]( 1667): getTfcMinFramerate: pkgName = com.sdk.video.sample, min framerate = 0
06-02 20:32:42.476 I/Quality (20573): ActivityThread: doFrame delay 657 com.sdk.video.sample 20573
06-02 20:32:42.476 I/WindowManager( 1667): Window{a80fead u0 com.sdk.video.sample/com.sdk.video.sample.MainActivity} state from DRAW_PENDING to COMMIT_DRAW_PENDING; reason: finishDrawingLocked
06-02 20:32:42.476 D/WindowManager( 1667): finishDrawingLocked forceApplyNow=false,2,Window{a80fead u0 com.sdk.video.sample/com.sdk.video.sample.MainActivity}
06-02 20:32:42.480 I/WindowManager( 1667): Window{a80fead u0 com.sdk.video.sample/com.sdk.video.sample.MainActivity} state from COMMIT_DRAW_PENDING to READY_TO_SHOW; reason: commitFinishDrawingLocked
06-02 20:32:42.483 D/OplusStartingWindowManager( 1667): interceptRemoveStartingWindow: packageName=com.sdk.video.sample, isSnapshot=false, startingSurfaceRunnable=null
06-02 20:32:42.486 I/WindowManager( 1667): Window{a80fead u0 com.sdk.video.sample/com.sdk.video.sample.MainActivity} state from READY_TO_SHOW to HAS_DRAWN; reason: performShowLocked
06-02 20:32:42.489 I/Quality ( 1667): LaunchTime2.0: com.sdk.video.sample/.MainActivity 1 1472 com.android.shell 60 85 39886 0 239292416 0 0 Task-data:PID: 24613 (RenderThread);75 0 44 0 0 1 0 1 0 ;0 0 134 0 0 0 0 2 0 ;0 0 134 0 0 0 0 1 0 ;27 0 48 0 0 0 0 1 0 ;0 0 0 0 0 0 0 0 0 ;0 0 0 0 0 0 0 0 0 ;0 0 0 0 0 0 0 0 0 ;0 0 0 0 0 0 0 0 0 ;0 0 0 0 0 0 0 0 0 ;0 0 0 0 0 0 0 0 0 ;0 0 0 0 0 0 0 0 0 ;0 0 0 0 0 0 0 0 0 ;0 0 0 0 0 0 0 0 0 ;0 0 0 0 0 0 0 0 0 ;0 0 0 0 0 0 0 0 0 ;0 0 0 0 0 0 0 0 0 ;0 0 0 0 0 0 0 0 0 ;0 0 0 0 0 0 0 0 0 ;0 0 0 0 0 0 0 0 0 ;0 0 0 0 0 0 0 0 0 ;0 0 0 0 0 0 0 0 0 ;0 0 0 0 0 0 0 0 0 ;0 0 0 0 0 0 0 0 0 ;0 0 0 0 0 0 0 0 0 ;0 0 0 0 0 0 0 0 0 ;0 0 0 0 0 0 0 0 0 ;0 0 0 0 0 0 0 0 0 ;0 0 0 0 0 0 0 0 0 ;0 0 0 0 0 0 0 0 0 ;0 0 0 0 0 0 0 0 0 ;0 0 0 0 0 0 0 0 0 ;0 0 0 0 0 0 0 0 0 ;0 0 0 0 0 0 0 0 0 ;0 0 0 0 0 0 0 0 0 ;0 0 0 0 0 0 0 0 0 ;0 0 0 0 0 0 0 0 0 ;0 0 0 0 0 0 0 0 0 ;0 0 0 0 0 0 0 0 0 ;0 0 0 0 0 0 0 0 0 ;0 0 0 0 0 0 0 0 0 ;0 0 0 0 0 0 0 0 0 ;0 0 0 0 0 0 0 0 0 ;0 0 0 0 0 0 0 0 0 ;0 0 0 0 0 0 0 0 0 ;0 0 0 0 0 0 0 0 0 ;0 0 0 0 0 0 0 0 0 ;0 0 0 0 0 0 0 0 0 ;0 0 0 0 0 0 0 0 0 ;0 0 0 0 0 0 0 0 0 ;0 0 0 0 0 0 0 0 0 ;0 0 0 0 0 0 0 0 0 ;0 0 0 0 0 0 0 0 0 ;0 0 0 0 0 0 0 0 0 ;0 0 0 0 0 0 0 0 0 ;0 0 0 0 0 0 0 0 0 ;0 0 0 0 0 0 0 0 0 ;0 0 0 0 0 0 0 0 0 ;0 0 0 0 0 0 0 0 0 ;0 0 0 0 0 0 0 0 0 ;0 0 0 0 0 0 0 0 0 ;0 0 0 0 0 0 0 0 0 ;0 0 0 0 0 0 0 0 0 ;0 0 0 0 0 0 0 0 0 ;0 0 0 0 0 0 0 0 0 ;PID: 20573 (dk.video.sample);47 0 75 0 0 0 0 1 0 ;129 0 0 0 0 0 0 2 0 ;133 0 0 0 0 0 0 1 0 ;120 0 11 0 0 1 1 1 0 ;127 0 2 0 0 0 0 2 0 ;115 0 18 0 0 0 0 2 0 ;121 0 7 0 0 0 0 3 0 ;132 0 0 0 0 0 0 3 0 ;128 0 0 0 0 0 0 2 0 ;129 1 0 0 0 0 0 2 0 ;85 8 3 0 0 33 28 3 0 ;0 0 0 0 0 0 0 0 0 ;0 0 0 0 0 0 0 0 0 ;0 0 0 0 0 0 0 0 0 ;0 0 0 0 0 0 0 0 0 ;0 0 0 0 0 0 0 0 0 ;0 0 0 0 0 0 0 0 0 ;0 0 0 0 0 0 0 0 0 ;0 0 0 0 0 0 0 0 0 ;0 0 0 0 0 0 0 0 0 ;0 0 0 0 0 0 0 0 0 ;0 0 0 0 0 0 0 0 0 ;0 0 0 0 0 0 0 0 0 ;0 0 0 0 0 0 0 0 0 ;0 0 0 0 0 0 0 0 0 ;0 0 0 0 0 0 0 0 0 ;0 0 0 0 0 0 0 0 0 ;0 0 0 0 0 0 0 0 0 ;0 0 0 0 0 0 0 0 0 ;0 0 0 0 0 0 0 0 0 ;0 0 0 0 0 0 0 0 0 ;0 0 0 0 0 0 0 0 0 ;0 0 0 0 0 0 0 0 0 ;0 0 0 0 0 0 0 0 0 ;0 0 0 0 0 0 0 0 0 ;0 0 0 0 0 0 0 0 0 ;0 0 0 0 0 0 0 0 0 ;0 0 0 0 0 0 0 0 0 ;0 0 0 0 0 0 0 0 0 ;0 0 0 0 0 0 0 0 0 ;0 0 0 0 0 0 0 0 0 ;0 0 0 0 0 0 0 0 0 ;0 0 0 0 0 0 0 0 0 ;0 0 0 0 0 0 0 0 0 ;0 0 0 0 0 0 0 0 0 ;0 0 0 0 0 0 0 0 0 ;0 0 0 0 0 0 0 0 0 ;0 0 0 0 0 0 0 0 0 ;0 0 0 0 0 0 0 0 0 ;0 0 0 0 0 0 0 0 0 ;0 0 0 0 0 0 0 0 0 ;0 0 0 0 0 0 0 0 0 ;0 0 0 0 0 0 0 0 0 ;0 0 0 0 0 0 0 0 0 ;0 0 0 0 0 0 0 0 0 ;0 0 0 0 0 0 0 0 0 ;0 0 0 0 0 0 0 0 0 ;0 0 0 0 0 0 0 0 0 ;0 0 0 0 0 0 0 0 0 ;0 0 0 0 0 0 0 0 0 ;0 0 0 0 0 0 0 0 0 ;0 0 0 0 0 0 0 0 0 ;0 0 0 0 0 0 0 0 0 ;0 0 0 0 0 0 0 0 0 ;
06-02 20:32:42.493 I/Quality (20573): Skipped: false 38 cost 647.7566 refreshRate 16625370 bit true processName com.sdk.video.sample
06-02 20:32:42.581 I/Quality (20573): Skipped: false 5 cost 86.91467 refreshRate 16630902 bit true processName com.sdk.video.sample
06-02 20:32:42.595 D/InputMethodManagerService( 1667): isSecurity: attribute.packageName = com.sdk.video.sample mCurMethodId = com.sohu.inputmethod.sogouoem/.SogouIME isSecurity = false ( enable = true needShow = false inBlackList = false isExist = true )
06-02 20:32:42.610 D/OplusAppListInterceptManager( 1667): shouldFilterTask::packageName = com.sdk.video.sample
06-02 20:32:42.630 D/OplusStatistics--(20573): newThread.ThreadFactory
06-02 20:32:42.674 I/Quality (20573): Skipped: false 1 cost 30.321327 refreshRate 16628400 bit true processName com.sdk.video.sample
06-02 20:32:42.848 V/WindowManager( 1667): Relayout Window{2e658d4 u0 Splash Screen com.sdk.video.sample}: viewVisibility=8, oldvis=0, req=1080x2400
06-02 20:32:42.849 I/SurfaceAnimationRunner( 1667): startAnimation requiresEdgeExtension=false, animationLeash=Surface(name=Surface(name=2e658d4 Splash Screen com.sdk.video.sample)/@0x527578d - animation-leash of window_animation)/@0x27b6d42, runningAnim=com.android.server.wm.SurfaceAnimationRunner$RunningAnimation@ce3d153, mPreProcessingAnimations={}
06-02 20:32:42.857 D/CoreBackPreview( 1667): Window{2e658d4 u0 Splash Screen com.sdk.video.sample EXITING}: Setting back callback null
06-02 20:32:42.860 D/SurfaceAnimationRunner( 1667): onAnimationStart:Surface(name=Surface(name=2e658d4 Splash Screen com.sdk.video.sample)/@0x527578d - animation-leash of window_animation)/@0x27b6d42
06-02 20:32:43.010 D/SurfaceAnimationRunner( 1667): onAnimationEnd:Surface(name=Surface(name=2e658d4 Splash Screen com.sdk.video.sample)/@0x527578d - animation-leash of window_animation)/@0x27b6d42
06-02 20:32:43.010 I/WindowStateExtImpl( 1667): onSurfaceShowChange show = false mPackageName = com.sdk.video.sample parentPkgName = com.sdk.video.sample
06-02 20:32:43.010 I/WindowManager( 1667): Window{2e658d4 u0 Splash Screen com.sdk.video.sample EXITING} state from HAS_DRAWN to NO_SURFACE; reason: destroySurface
06-02 20:32:51.477 I/Quality (20573): Skipped: true 2 cost 36.751644 refreshRate 16666667 bit true processName com.sdk.video.sample
06-02 20:32:51.541 D/OplusInputMethodManagerInternal(20573): get inputMethodManager extension: com.android.internal.view.IInputMethodManager$Stub$Proxy@7958321
06-02 20:32:51.549 I/Quality (20573): Skipped: true 1 cost 8.533644 refreshRate 8350758 bit true processName com.sdk.video.sample
06-02 20:32:51.628 D/OplusFullScreenDisplayManager( 1667): adjustWindowParamsLw com.sdk.video.sample, no change cutoutMode: 0
06-02 20:32:51.628 V/WindowManager( 1667): Relayout Window{a80fead u0 com.sdk.video.sample/com.sdk.video.sample.MainActivity}: viewVisibility=0, oldvis=0, req=1080x2400
06-02 20:32:51.696 I/Quality (20573): Skipped: false 16 cost 138.74606 refreshRate 8356585 bit true processName com.sdk.video.sample
06-02 20:32:51.728 I/Quality (20573): Skipped: false 1 cost 28.979853 refreshRate 16666667 bit true processName com.sdk.video.sample
06-02 20:32:52.332 I/Quality (20573): Skipped: false 2 cost 42.860283 refreshRate 16633573 bit true processName com.sdk.video.sample
06-02 20:32:52.635 I/AppsFilter( 1667): interaction: PackageSetting{ddb2620 com.sdk.video.sample/10413} -> PackageSetting{e4169ac com.oplus.statistics.rom/10366} BLOCKED
06-02 20:32:52.636 E/ActivityThread(20573): Failed to find provider info for com.oplus.statistics.provider
06-02 20:32:52.637 E/OplusStatistics--(20573): IllegalArgumentException:java.lang.IllegalArgumentException: Unknown URL content://com.oplus.statistics.provider/track_event
06-02 20:33:08.489 I/Quality (20573): Skipped: true 1 cost 24.39235 refreshRate 15997968 bit true processName com.sdk.video.sample
06-02 20:33:08.523 D/Camera2CameraImpl(20573): {Camera@986c2b7[id=1]} Transitioning camera internal state: OPENED --> CLOSING
06-02 20:33:08.523 D/CameraStateRegistry(20573): Recalculating open cameras:
06-02 20:33:08.523 D/CameraStateRegistry(20573): Camera                                       State                 
06-02 20:33:08.523 D/CameraStateRegistry(20573): -------------------------------------------------------------------
06-02 20:33:08.523 D/CameraStateRegistry(20573): Camera@986c2b7[id=1]                         CLOSING               
06-02 20:33:08.523 D/CameraStateRegistry(20573): Camera@68b14d5[id=0]                         UNKNOWN               
06-02 20:33:08.523 D/CameraStateRegistry(20573): -------------------------------------------------------------------
06-02 20:33:08.523 D/CameraStateRegistry(20573): Open count: 1 (Max allowed: 1)
06-02 20:33:08.523 D/CameraStateMachine(20573): New public camera state CameraState{type=CLOSING, error=null} from CLOSING and null
06-02 20:33:08.523 D/CameraStateMachine(20573): Publishing new public camera state CameraState{type=CLOSING, error=null}
06-02 20:33:08.523 D/Camera2CameraImpl(20573): {Camera@986c2b7[id=1]} Resetting Capture Session
06-02 20:33:08.524 D/Camera2CameraImpl(20573): {Camera@986c2b7[id=1]} Releasing session in state CLOSING
06-02 20:33:08.525 D/CameraOrientationUtil(20573): getRelativeImageRotation: destRotationDegrees=0, sourceRotationDegrees=90, isOppositeFacing=true, result=90
06-02 20:33:08.525 D/CameraOrientationUtil(20573): getRelativeImageRotation: destRotationDegrees=0, sourceRotationDegrees=90, isOppositeFacing=true, result=90
06-02 20:33:08.537 D/DynamicRangeResolver(20573): Resolved dynamic range for use case androidx.camera.core.Preview-75aea6b5-e5d2-477c-8d90-6247b83e58bd to no compatible HDR dynamic ranges.
06-02 20:33:08.537 D/DynamicRangeResolver(20573): DynamicRange@5bbf998{encoding=UNSPECIFIED, bitDepth=0}
06-02 20:33:08.537 D/DynamicRangeResolver(20573): ->
06-02 20:33:08.537 D/DynamicRangeResolver(20573): DynamicRange@c97a77b{encoding=SDR, bitDepth=8}
06-02 20:33:08.540 D/CameraOrientationUtil(20573): getRelativeImageRotation: destRotationDegrees=0, sourceRotationDegrees=90, isOppositeFacing=true, result=90
06-02 20:33:08.541 D/DeferrableSurface(20573): Surface created[total_surfaces=1, used_surfaces=0](androidx.camera.core.processing.SurfaceEdge$SettableSurface@47b41cc}
06-02 20:33:08.541 D/DeferrableSurface(20573): Surface created[total_surfaces=2, used_surfaces=0](androidx.camera.core.SurfaceRequest$2@b00aeb8}
06-02 20:33:08.542 D/DeferrableSurface(20573): New surface in use[total_surfaces=2, used_surfaces=1](androidx.camera.core.SurfaceRequest$2@b00aeb8}
06-02 20:33:08.542 D/DeferrableSurface(20573): use count+1, useCount=1 androidx.camera.core.SurfaceRequest$2@b00aeb8
06-02 20:33:08.542 D/CameraOrientationUtil(20573): getRelativeImageRotation: destRotationDegrees=0, sourceRotationDegrees=90, isOppositeFacing=true, result=90
06-02 20:33:08.544 D/ImageCapture(20573): createPipeline(cameraId: 0, streamSpec: StreamSpec{resolution=3264x2448, dynamicRange=DynamicRange@c97a77b{encoding=SDR, bitDepth=8}, expectedFrameRateRange=[0, 0], implementationOptions=androidx.camera.camera2.impl.Camera2ImplConfig@7aff8cd})
06-02 20:33:08.544 D/BufferQueueConsumer(20573): [](id:505d00000004,api:0,p:-1,c:20573) connect: controlledByApp=true
06-02 20:33:08.545 D/DeferrableSurface(20573): Surface created[total_surfaces=3, used_surfaces=1](androidx.camera.core.impl.ImmediateSurface@f499582}
06-02 20:33:08.546 D/Camera2CameraImpl(20573): {Camera@68b14d5[id=0]} Use case androidx.camera.core.ImageCapture-128bf6f0-c632-426c-a6af-372341743048265851858 ACTIVE
06-02 20:33:08.546 D/UseCaseAttachState(20573): Active and attached use case: [] for camera: 0
06-02 20:33:08.547 D/Camera2CameraImpl(20573): {Camera@68b14d5[id=0]} Use case androidx.camera.core.Preview-75aea6b5-e5d2-477c-8d90-6247b83e58bd190692957 ACTIVE
06-02 20:33:08.547 D/UseCaseAttachState(20573): Active and attached use case: [] for camera: 0
06-02 20:33:08.547 D/BufferQueueConsumer(20573): [ImageReader-2304x1728f21m4-20573-0](id:505d00000001,api:0,p:-1,c:20573) disconnect
06-02 20:33:08.547 D/Camera2CameraImpl(20573): {Camera@68b14d5[id=0]} Use case androidx.camera.core.ImageCapture-128bf6f0-c632-426c-a6af-372341743048265851858 ACTIVE
06-02 20:33:08.548 I/Quality (20573): Skipped: true 1 cost 27.083235 refreshRate 16666667 bit true processName com.sdk.video.sample
06-02 20:33:08.548 D/UseCaseAttachState(20573): Active and attached use case: [] for camera: 0
06-02 20:33:08.548 D/UseCaseAttachState(20573): Active and attached use case: [] for camera: 0
06-02 20:33:08.548 D/MainActivity(20573): CameraX negotiated resolution: 1920x1080
06-02 20:33:08.548 D/Camera2CameraImpl(20573): {Camera@68b14d5[id=0]} Use cases [androidx.camera.core.Preview-75aea6b5-e5d2-477c-8d90-6247b83e58bd190692957, androidx.camera.core.ImageCapture-128bf6f0-c632-426c-a6af-372341743048265851858] now ATTACHED
06-02 20:33:08.549 D/UseCaseAttachState(20573): All use case: [androidx.camera.core.ImageCapture-128bf6f0-c632-426c-a6af-372341743048265851858, androidx.camera.core.Preview-75aea6b5-e5d2-477c-8d90-6247b83e58bd190692957] for camera: 0
06-02 20:33:08.549 D/Camera2CameraImpl(20573): mMeteringRepeating is ATTACHED, SessionConfig Surfaces: 2, CaptureConfig Surfaces: 1
06-02 20:33:08.549 D/UseCaseAttachState(20573): Active and attached use case: [androidx.camera.core.ImageCapture-128bf6f0-c632-426c-a6af-372341743048265851858, androidx.camera.core.Preview-75aea6b5-e5d2-477c-8d90-6247b83e58bd190692957] for camera: 0
06-02 20:33:08.550 D/Camera2CameraImpl(20573): {Camera@68b14d5[id=0]} Resetting Capture Session
06-02 20:33:08.550 D/Camera2CameraImpl(20573): {Camera@68b14d5[id=0]} Releasing session in state INITIALIZED
06-02 20:33:08.551 D/Camera2CameraImpl(20573): {Camera@68b14d5[id=0]} Attempting to force open the camera.
06-02 20:33:08.551 D/CameraStateRegistry(20573): tryOpenCamera(Camera@68b14d5[id=0]) [Available Cameras: 0, Already Open: false (Previous state: null)] --> FAIL
06-02 20:33:08.551 D/Camera2CameraImpl(20573): {Camera@68b14d5[id=0]} No cameras available. Waiting for available camera before opening camera.
06-02 20:33:08.551 D/Camera2CameraImpl(20573): {Camera@68b14d5[id=0]} Transitioning camera internal state: INITIALIZED --> PENDING_OPEN
06-02 20:33:08.551 D/CameraStateRegistry(20573): Recalculating open cameras:
06-02 20:33:08.551 D/CameraStateRegistry(20573): Camera                                       State                 
06-02 20:33:08.551 D/CameraStateRegistry(20573): -------------------------------------------------------------------
06-02 20:33:08.551 D/CameraStateRegistry(20573): Camera@986c2b7[id=1]                         CLOSING               
06-02 20:33:08.551 D/CameraStateRegistry(20573): Camera@68b14d5[id=0]                         PENDING_OPEN          
06-02 20:33:08.551 D/CameraStateRegistry(20573): -------------------------------------------------------------------
06-02 20:33:08.551 D/CameraStateRegistry(20573): Open count: 1 (Max allowed: 1)
06-02 20:33:08.551 D/CameraStateMachine(20573): New public camera state CameraState{type=OPENING, error=null} from PENDING_OPEN and null
06-02 20:33:08.551 D/CameraStateMachine(20573): Publishing new public camera state CameraState{type=OPENING, error=null}
06-02 20:33:08.552 D/Camera2CameraImpl(20573): {Camera@68b14d5[id=0]} Use case androidx.camera.core.Preview-75aea6b5-e5d2-477c-8d90-6247b83e58bd190692957 ACTIVE
06-02 20:33:08.552 D/UseCaseAttachState(20573): Active and attached use case: [androidx.camera.core.ImageCapture-128bf6f0-c632-426c-a6af-372341743048265851858, androidx.camera.core.Preview-75aea6b5-e5d2-477c-8d90-6247b83e58bd190692957] for camera: 0
06-02 20:33:08.553 D/Camera2CameraImpl(20573): {Camera@68b14d5[id=0]} Use case androidx.camera.core.ImageCapture-128bf6f0-c632-426c-a6af-372341743048265851858 ACTIVE
06-02 20:33:08.553 D/UseCaseAttachState(20573): Active and attached use case: [androidx.camera.core.ImageCapture-128bf6f0-c632-426c-a6af-372341743048265851858, androidx.camera.core.Preview-75aea6b5-e5d2-477c-8d90-6247b83e58bd190692957] for camera: 0
06-02 20:33:08.554 D/UseCaseAttachState(20573): Active and attached use case: [androidx.camera.core.ImageCapture-128bf6f0-c632-426c-a6af-372341743048265851858, androidx.camera.core.Preview-75aea6b5-e5d2-477c-8d90-6247b83e58bd190692957] for camera: 0
06-02 20:33:08.571 I/CameraService( 1159): disconnect: Disconnected client for camera 1 for PID 20573
06-02 20:33:08.573 D/Camera2CameraImpl(20573): {Camera@986c2b7[id=1]} CameraDevice.onClosed()
06-02 20:33:08.574 D/Camera2CameraImpl(20573): {Camera@986c2b7[id=1]} Transitioning camera internal state: CLOSING --> INITIALIZED
06-02 20:33:08.575 D/CameraStateRegistry(20573): Recalculating open cameras:
06-02 20:33:08.575 D/CameraStateRegistry(20573): Camera                                       State                 
06-02 20:33:08.575 D/CameraStateRegistry(20573): -------------------------------------------------------------------
06-02 20:33:08.575 D/CameraStateRegistry(20573): Camera@986c2b7[id=1]                         CLOSED                
06-02 20:33:08.575 D/CameraStateRegistry(20573): Camera@68b14d5[id=0]                         PENDING_OPEN          
06-02 20:33:08.575 D/CameraStateRegistry(20573): -------------------------------------------------------------------
06-02 20:33:08.575 D/CameraStateRegistry(20573): Open count: 0 (Max allowed: 1)
06-02 20:33:08.575 I/OplusCameraStateBroadcast( 1667): notifyCameraState packageName:com.sdk.video.sample cameraState:3 frontcamera:1 cameraId:1
06-02 20:33:08.576 D/CameraStateMachine(20573): New public camera state CameraState{type=CLOSED, error=null} from CLOSED and null
06-02 20:33:08.576 D/CameraStateMachine(20573): Publishing new public camera state CameraState{type=CLOSED, error=null}
06-02 20:33:08.576 D/Camera2CameraImpl(20573): {Camera@68b14d5[id=0]} Attempting to open the camera.
06-02 20:33:08.576 D/CameraStateRegistry(20573): tryOpenCamera(Camera@68b14d5[id=0]) [Available Cameras: 1, Already Open: false (Previous state: PENDING_OPEN)] --> SUCCESS
06-02 20:33:08.577 D/CameraStateRegistry(20573): Recalculating open cameras:
06-02 20:33:08.577 D/CameraStateRegistry(20573): Camera                                       State                 
06-02 20:33:08.577 D/CameraStateRegistry(20573): -------------------------------------------------------------------
06-02 20:33:08.577 D/CameraStateRegistry(20573): Camera@986c2b7[id=1]                         CLOSED                
06-02 20:33:08.577 D/CameraStateRegistry(20573): Camera@68b14d5[id=0]                         OPENING               
06-02 20:33:08.577 D/CameraStateRegistry(20573): -------------------------------------------------------------------
06-02 20:33:08.577 D/CameraStateRegistry(20573): Open count: 1 (Max allowed: 1)
06-02 20:33:08.577 D/OplusCamera2StatisticsManager(20573): addPreviewInfo, eventMap: {halLevel=3, preview_time=25947, cameraId=1, pkgName=com.sdk.video.sample, apLevel=2}
06-02 20:33:08.577 D/Camera2CameraImpl(20573): {Camera@68b14d5[id=0]} Opening camera.
06-02 20:33:08.577 D/Camera2CameraImpl(20573): {Camera@68b14d5[id=0]} Transitioning camera internal state: PENDING_OPEN --> OPENING
06-02 20:33:08.577 D/CameraStateMachine(20573): New public camera state CameraState{type=OPENING, error=null} from OPENING and null
06-02 20:33:08.577 D/OplusCamera2StatisticsManager(20573): addInfo, eventMap: {halLevel=3, cameraId=1, disconnectTime=1780403588576, pkgName=com.sdk.video.sample, connentTime=1780403562629, apLevel=2, timeCost=25947}
06-02 20:33:08.577 D/UseCaseAttachState(20573): Active and attached use case: [] for camera: 1
06-02 20:33:08.577 D/UseCaseAttachState(20573): All use case: [androidx.camera.core.ImageCapture-128bf6f0-c632-426c-a6af-372341743048265851858, androidx.camera.core.Preview-75aea6b5-e5d2-477c-8d90-6247b83e58bd190692957] for camera: 0
06-02 20:33:08.578 I/OplusCameraManagerGlobal(20573): setClientInfo, packageName: com.sdk.video.sample, uid: 10413, pid: 20573
06-02 20:33:08.579 I/OplusCameraManagerGlobal(20573): setClientInfo, packageName: com.sdk.video.sample, uid: 10413, pid: 20573
06-02 20:33:08.583 I/OplusCameraUtils(20573): current activityName: com.sdk.video.sample.MainActivity
06-02 20:33:08.583 I/OplusCameraUtils(20573): getComponentName, componentName: com.sdk.video.sample/com.sdk.video.sample.MainActivity, packageName:com.sdk.video.sample, activityName:com.sdk.video.sample.MainActivity
06-02 20:33:08.583 I/CameraService( 1159): CameraService::connect call (PID -1 "com.sdk.video.sample", camera ID 0) and Camera API version 2
06-02 20:33:08.583 I/Camera2ClientBase( 1159): Camera 0: Opened. Client: com.sdk.video.sample (PID 20573, UID 10413)
06-02 20:33:08.591 E/CameraManagerGlobal(20573): Camera 4 is not available. Ignore physical camera status change
06-02 20:33:08.593 I/KEYFILE ( 1263): [INFO   ] CustomMetadata.cpp:228 updateCurCamName() m_curPkgName:com.sdk.video.sample
06-02 20:33:08.594 I/metis_v2_SettingUtils(17585): switchObserver, onChange: false uri:content://settings/secure/flashlight_available flags:32769
06-02 20:33:08.597 D/isp_tuning_custom_oplus( 1263): SetMappingInfo_Custom AppPackageName = "com.sdk.video.sample", AppMenuName = "common", FB = "0", supernightMode is "no_supernight", asd_value is "default"
06-02 20:33:08.597 D/isp_tuning_custom_oplus( 1263): This app(com.sdk.video.sample) hadn't config in config file
06-02 20:33:08.597 D/isp_tuning_custom_oplus( 1263): SetMappingInfo_Custom AppPackageName = "com.sdk.video.sample", AppMenuName = "common", FB = "0", supernightMode is "no_supernight", m_EApp_Custom "12" 
06-02 20:33:08.605 D/OplusAppListInterceptManager( 1667): shouldFilterTask::packageName = com.sdk.video.sample
06-02 20:33:08.609 D/Camera2CameraImpl(20573): {Camera@68b14d5[id=0]} CameraDevice.onOpened()
06-02 20:33:08.609 I/OplusCameraStateBroadcast( 1667): notifyCameraState packageName:com.sdk.video.sample cameraState:0 frontcamera:0 cameraId:0
06-02 20:33:08.610 D/Camera2CameraImpl(20573): {Camera@68b14d5[id=0]} Transitioning camera internal state: OPENING --> OPENED
06-02 20:33:08.611 D/CameraStateRegistry(20573): Recalculating open cameras:
06-02 20:33:08.611 D/CameraStateRegistry(20573): Camera                                       State                 
06-02 20:33:08.611 D/CameraStateRegistry(20573): -------------------------------------------------------------------
06-02 20:33:08.611 D/CameraStateRegistry(20573): Camera@986c2b7[id=1]                         CLOSED                
06-02 20:33:08.611 D/CameraStateRegistry(20573): Camera@68b14d5[id=0]                         OPEN                  
06-02 20:33:08.611 D/CameraStateRegistry(20573): -------------------------------------------------------------------
06-02 20:33:08.611 D/CameraStateRegistry(20573): Open count: 1 (Max allowed: 1)
06-02 20:33:08.611 D/CameraStateMachine(20573): New public camera state CameraState{type=OPEN, error=null} from OPEN and null
06-02 20:33:08.611 D/CameraStateMachine(20573): Publishing new public camera state CameraState{type=OPEN, error=null}
06-02 20:33:08.612 D/UseCaseAttachState(20573): All use case: [androidx.camera.core.ImageCapture-128bf6f0-c632-426c-a6af-372341743048265851858, androidx.camera.core.Preview-75aea6b5-e5d2-477c-8d90-6247b83e58bd190692957] for camera: 0
06-02 20:33:08.614 D/OplusCamera2StatisticsManager(20573): addInfo, eventMap: {halLevel=3, cameraId=0, pkgName=com.sdk.video.sample, connentTime=1780403588613, apLevel=2}
06-02 20:33:08.614 D/SyncCaptureSessionBase(20573): [androidx.camera.camera2.internal.SynchronizedCaptureSessionBaseImpl@a1a4fb] getSurface...done
06-02 20:33:08.614 D/CaptureSession(20573): Opening capture session.
06-02 20:33:08.625 D/DeferrableSurface(20573): use count+1, useCount=2 androidx.camera.core.SurfaceRequest$2@b00aeb8
06-02 20:33:08.625 D/DeferrableSurface(20573): New surface in use[total_surfaces=3, used_surfaces=2](androidx.camera.core.impl.ImmediateSurface@f499582}
06-02 20:33:08.625 D/DeferrableSurface(20573): use count+1, useCount=1 androidx.camera.core.impl.ImmediateSurface@f499582
06-02 20:33:08.632 I/KEYFILE ( 1263): [INFO   ] CustomMetadata.cpp:365 getSessionParam() m_activityName:com.sdk.video.sample.MainActivity,m_callerPkgName:,m_bIsSdkCam:0
06-02 20:33:08.674 I/mtkcam-OplusPipelineModelSession( 1263): activityName: com.sdk.video.sample.MainActivity, packageName: com.sdk.video.sample, openId: 0
06-02 20:33:08.680 I/mtkcam-FeatureSettingPolicy-Oplus( 1263): [reEvaluateStreamConfiguration] mNeedCaptureNoPreviewTag:0,mPackageName:com.sdk.video.sample,mActivityName:com.sdk.video.sample.MainActivity,SysCam:0,mDisEnabledFSC:0
06-02 20:33:08.681 I/mtkcam-SensorSettingPolicy4cell( 1263): [OPLUS][getThirdCamScenarioId] match setting:com.sdk.video.sample
06-02 20:33:08.681 I/mtkcam-SensorSettingPolicy4cell( 1263): [OPLUS][getThirdCamScenarioId] match setting(input):ThirdPkgName com.sdk.video.sample, camId 0, hasVideoConsumer 0, thirdOpMode 0x0, asepct_Ration 750,maxYuvSize.w 160, maxYuvSize.h 96, maxImageSize.w 3264, maxImageSize.h 2448
06-02 20:33:08.681 I/mtkcam-SensorSettingPolicy4cell( 1263): [OPLUS][getThirdCamScenarioId] match setting(result):[ThirdCamSensorSettingMap],com.sdk.video.sample[1/7] [8:0,-1,-1,570,-1,-1,-1,0]
06-02 20:33:08.681 I/OplusP1HwSettingPolicy( 1263): [oplusConfigRrzoSize] 3rdAppCam:com.sdk.video.sample[0] thirdActivityName:com.sdk.video.sample.MainActivity
06-02 20:33:08.681 I/OplusP1HwSettingPolicy( 1263): [oplusConfigRrzoSize]get key: com.sdk.video.sample or com.sdk.video.sample.MainActivity fail! No customization in the current scene
06-02 20:33:08.706 D/CaptureSession(20573): Attempting to send capture request onConfigured
06-02 20:33:08.706 D/CaptureSession(20573): Issuing request for session.
06-02 20:33:08.706 D/Camera2CaptureRequestBuilder(20573): createCaptureRequest
06-02 20:33:08.712 D/CaptureSession(20573): CameraCaptureSession.onConfigured() mState=OPENED
06-02 20:33:08.713 D/CaptureSession(20573): CameraCaptureSession.onReady() OPENED
06-02 20:33:08.717 I/OplusCameraStateBroadcast( 1667): notifyCameraState packageName:com.sdk.video.sample cameraState:1 frontcamera:0 cameraId:0
06-02 20:33:08.719 I/OcamAsync( 1263): (24748)[OcamAsync] set packname:com.sdk.video.sample, mOplusCamera:0, m_operationMode:0, m_captureMode:0X0
06-02 20:33:08.783 I/metis_v2_AppDiedObserver(17585): shortcutAppDiedCallback, fenceKey = app_died_shortcut
06-02 20:33:08.783 E/RemoteGuardClient.DWB.ActivityMonitor(18198): onProcessDied com.oplus.romupdate pid = 14911 uid = 10384
06-02 20:33:08.783 D/metis_v2_AppDiedObserver(17585): panta-sugg-ShortCut, packageName:com.oplus.romupdate pid:14911
06-02 20:33:08.783 D/ContextAware_UMSService.SendUMSAppDiedMsg(17585): sendAppDiedMessage packageName = com.oplus.romupdate, pid = 14911
06-02 20:33:08.783 D/ContextAware_UMSService.SendUMSAppDiedMsg(17585): preInitAsBindService
06-02 20:33:08.784 I/RemoteGuardClient.DWB.ActivityMonitor(18198): game indulge not release monitor
06-02 20:33:08.785 I/RemoteGuardClient.DWB.ActivityMonitor(18198): topActivities = [com.sdk.video.sample]
06-02 20:33:08.794 D/isp_tuning_custom_oplus( 1263): SetMappingInfo_Custom AppPackageName = "com.sdk.video.sample", AppMenuName = "common", FB = "0", supernightMode is "no_supernight", asd_value is "default"
06-02 20:33:08.794 D/isp_tuning_custom_oplus( 1263): This app(com.sdk.video.sample) hadn't config in config file
06-02 20:33:08.794 D/isp_tuning_custom_oplus( 1263): SetMappingInfo_Custom AppPackageName = "com.sdk.video.sample", AppMenuName = "common", FB = "0", supernightMode is "no_supernight", m_EApp_Custom "12" 
06-02 20:33:08.803 D/ContextAware_UMSService.SendUMSAppDiedMsg(17585): onServiceConnected
06-02 20:33:08.804 D/ContextAware_UMSService.SendUMSAppDiedMsg(17585): sendMessageToUms msg = 4001, bundle = Bundle[{package=com.oplus.romupdate, pid=14911, code=1}]
06-02 20:33:08.804 D/ContextAware_UMSService.SendUMSAppDiedMsg(17585): releaseResource mHandler = Handler (com.oplus.sdp.se.a$b) {e037e4}
06-02 20:33:08.806 D/ContextAware_UMSService.SendUMSAppDiedMsg(17585): UMSHandler handleMessage 2
06-02 20:33:08.806 D/ContextAware_UMSService.SendUMSAppDiedMsg(17585): deInitAsUnbindService
06-02 20:33:09.061 I/FilterEngine(20573): Auto-rebuilding Camera pipeline...
06-02 20:33:09.062 I/FilterEngine(20573): Pipeline rebuilt successfully with 3 nodes
06-02 20:33:09.062 D/FilterEngine(20573): Processing frame: input 1, size 1920x1080
06-02 20:33:09.104 W/dk.video.sample(20573): [SurfaceTexture-1-20573-0] bindTextureImage: clearing GL error: 0x502
06-02 20:33:09.105 D/FilterEngine(20573): Processing frame: input 1, size 1920x1080
06-02 20:33:09.144 W/dk.video.sample(20573): [SurfaceTexture-1-20573-0] bindTextureImage: clearing GL error: 0x502
06-02 20:33:09.144 D/FilterEngine(20573): Processing frame: input 1, size 1920x1080
06-02 20:33:09.189 W/dk.video.sample(20573): [SurfaceTexture-1-20573-0] bindTextureImage: clearing GL error: 0x502
06-02 20:33:09.189 D/FilterEngine(20573): Processing frame: input 1, size 1920x1080
06-02 20:33:09.235 W/dk.video.sample(20573): [SurfaceTexture-1-20573-0] bindTextureImage: clearing GL error: 0x502
06-02 20:33:09.235 D/FilterEngine(20573): Processing frame: input 1, size 1920x1080
06-02 20:33:09.268 W/dk.video.sample(20573): [SurfaceTexture-1-20573-0] bindTextureImage: clearing GL error: 0x502
06-02 20:33:09.268 D/FilterEngine(20573): Processing frame: input 1, size 1920x1080
06-02 20:33:09.309 W/dk.video.sample(20573): [SurfaceTexture-1-20573-0] bindTextureImage: clearing GL error: 0x502
06-02 20:33:09.309 D/FilterEngine(20573): Processing frame: input 1, size 1920x1080
06-02 20:33:09.351 W/dk.video.sample(20573): [SurfaceTexture-1-20573-0] bindTextureImage: clearing GL error: 0x502
06-02 20:33:09.351 D/FilterEngine(20573): Processing frame: input 1, size 1920x1080
06-02 20:33:09.395 W/dk.video.sample(20573): [SurfaceTexture-1-20573-0] bindTextureImage: clearing GL error: 0x502
06-02 20:33:09.396 D/FilterEngine(20573): Processing frame: input 1, size 1920x1080
06-02 20:33:09.443 W/dk.video.sample(20573): [SurfaceTexture-1-20573-0] bindTextureImage: clearing GL error: 0x502
06-02 20:33:09.444 D/FilterEngine(20573): Processing frame: input 1, size 1920x1080
06-02 20:33:09.474 W/dk.video.sample(20573): [SurfaceTexture-1-20573-0] bindTextureImage: clearing GL error: 0x502
06-02 20:33:09.474 D/FilterEngine(20573): Processing frame: input 1, size 1920x1080
06-02 20:33:09.514 W/dk.video.sample(20573): [SurfaceTexture-1-20573-0] bindTextureImage: clearing GL error: 0x502
06-02 20:33:09.514 D/FilterEngine(20573): Processing frame: input 1, size 1920x1080
06-02 20:33:09.549 W/dk.video.sample(20573): [SurfaceTexture-1-20573-0] bindTextureImage: clearing GL error: 0x502
06-02 20:33:09.550 D/FilterEngine(20573): Processing frame: input 1, size 1920x1080
06-02 20:33:09.587 W/dk.video.sample(20573): [SurfaceTexture-1-20573-0] bindTextureImage: clearing GL error: 0x502
06-02 20:33:09.587 D/FilterEngine(20573): Processing frame: input 1, size 1920x1080
06-02 20:33:09.636 W/dk.video.sample(20573): [SurfaceTexture-1-20573-0] bindTextureImage: clearing GL error: 0x502
06-02 20:33:09.636 D/FilterEngine(20573): Processing frame: input 1, size 1920x1080
06-02 20:33:09.673 W/dk.video.sample(20573): [SurfaceTexture-1-20573-0] bindTextureImage: clearing GL error: 0x502
06-02 20:33:09.674 D/FilterEngine(20573): Processing frame: input 1, size 1920x1080
06-02 20:33:09.714 W/dk.video.sample(20573): [SurfaceTexture-1-20573-0] bindTextureImage: clearing GL error: 0x502
06-02 20:33:09.714 D/FilterEngine(20573): Processing frame: input 1, size 1920x1080
06-02 20:33:09.765 W/dk.video.sample(20573): [SurfaceTexture-1-20573-0] bindTextureImage: clearing GL error: 0x502
06-02 20:33:09.765 D/FilterEngine(20573): Processing frame: input 1, size 1920x1080
06-02 20:33:09.797 W/dk.video.sample(20573): [SurfaceTexture-1-20573-0] bindTextureImage: clearing GL error: 0x502
06-02 20:33:09.798 D/FilterEngine(20573): Processing frame: input 1, size 1920x1080
06-02 20:33:09.848 W/dk.video.sample(20573): [SurfaceTexture-1-20573-0] bindTextureImage: clearing GL error: 0x502
06-02 20:33:09.848 D/FilterEngine(20573): Processing frame: input 1, size 1920x1080
06-02 20:33:09.879 W/dk.video.sample(20573): [SurfaceTexture-1-20573-0] bindTextureImage: clearing GL error: 0x502
06-02 20:33:09.879 D/FilterEngine(20573): Processing frame: input 1, size 1920x1080
06-02 20:33:09.924 W/dk.video.sample(20573): [SurfaceTexture-1-20573-0] bindTextureImage: clearing GL error: 0x502
06-02 20:33:09.924 D/FilterEngine(20573): Processing frame: input 1, size 1920x1080
06-02 20:33:09.968 W/dk.video.sample(20573): [SurfaceTexture-1-20573-0] bindTextureImage: clearing GL error: 0x502
06-02 20:33:09.969 D/FilterEngine(20573): Processing frame: input 1, size 1920x1080
06-02 20:33:09.999 W/dk.video.sample(20573): [SurfaceTexture-1-20573-0] bindTextureImage: clearing GL error: 0x502
06-02 20:33:10.000 D/FilterEngine(20573): Processing frame: input 1, size 1920x1080
06-02 20:33:10.053 W/dk.video.sample(20573): [SurfaceTexture-1-20573-0] bindTextureImage: clearing GL error: 0x502
06-02 20:33:10.054 D/FilterEngine(20573): Processing frame: input 1, size 1920x1080
06-02 20:33:10.083 W/dk.video.sample(20573): [SurfaceTexture-1-20573-0] bindTextureImage: clearing GL error: 0x502
06-02 20:33:10.083 D/FilterEngine(20573): Processing frame: input 1, size 1920x1080
06-02 20:33:10.117 W/dk.video.sample(20573): [SurfaceTexture-1-20573-0] bindTextureImage: clearing GL error: 0x502
06-02 20:33:10.118 D/FilterEngine(20573): Processing frame: input 1, size 1920x1080
06-02 20:33:10.161 W/dk.video.sample(20573): [SurfaceTexture-1-20573-0] bindTextureImage: clearing GL error: 0x502
06-02 20:33:10.161 D/FilterEngine(20573): Processing frame: input 1, size 1920x1080
06-02 20:33:10.194 W/dk.video.sample(20573): [SurfaceTexture-1-20573-0] bindTextureImage: clearing GL error: 0x502
06-02 20:33:10.194 D/FilterEngine(20573): Processing frame: input 1, size 1920x1080
06-02 20:33:10.237 W/dk.video.sample(20573): [SurfaceTexture-1-20573-0] bindTextureImage: clearing GL error: 0x502
06-02 20:33:10.237 D/FilterEngine(20573): Processing frame: input 1, size 1920x1080
06-02 20:33:10.276 W/dk.video.sample(20573): [SurfaceTexture-1-20573-0] bindTextureImage: clearing GL error: 0x502
06-02 20:33:10.276 D/FilterEngine(20573): Processing frame: input 1, size 1920x1080
06-02 20:33:10.314 W/dk.video.sample(20573): [SurfaceTexture-1-20573-0] bindTextureImage: clearing GL error: 0x502
06-02 20:33:10.314 D/FilterEngine(20573): Processing frame: input 1, size 1920x1080
06-02 20:33:10.357 W/dk.video.sample(20573): [SurfaceTexture-1-20573-0] bindTextureImage: clearing GL error: 0x502
06-02 20:33:10.357 D/FilterEngine(20573): Processing frame: input 1, size 1920x1080
06-02 20:33:10.395 W/dk.video.sample(20573): [SurfaceTexture-1-20573-0] bindTextureImage: clearing GL error: 0x502
06-02 20:33:10.395 D/FilterEngine(20573): Processing frame: input 1, size 1920x1080
06-02 20:33:10.435 W/dk.video.sample(20573): [SurfaceTexture-1-20573-0] bindTextureImage: clearing GL error: 0x502
06-02 20:33:10.436 D/FilterEngine(20573): Processing frame: input 1, size 1920x1080
06-02 20:33:10.478 W/dk.video.sample(20573): [SurfaceTexture-1-20573-0] bindTextureImage: clearing GL error: 0x502
06-02 20:33:10.478 D/FilterEngine(20573): Processing frame: input 1, size 1920x1080
06-02 20:33:10.522 W/dk.video.sample(20573): [SurfaceTexture-1-20573-0] bindTextureImage: clearing GL error: 0x502
06-02 20:33:10.522 D/FilterEngine(20573): Processing frame: input 1, size 1920x1080
06-02 20:33:10.560 W/dk.video.sample(20573): [SurfaceTexture-1-20573-0] bindTextureImage: clearing GL error: 0x502
06-02 20:33:10.560 D/FilterEngine(20573): Processing frame: input 1, size 1920x1080
06-02 20:33:10.598 W/dk.video.sample(20573): [SurfaceTexture-1-20573-0] bindTextureImage: clearing GL error: 0x502
06-02 20:33:10.598 D/FilterEngine(20573): Processing frame: input 1, size 1920x1080
06-02 20:33:10.649 W/dk.video.sample(20573): [SurfaceTexture-1-20573-0] bindTextureImage: clearing GL error: 0x502
06-02 20:33:10.649 D/FilterEngine(20573): Processing frame: input 1, size 1920x1080
06-02 20:33:10.681 W/dk.video.sample(20573): [SurfaceTexture-1-20573-0] bindTextureImage: clearing GL error: 0x502
06-02 20:33:10.682 D/FilterEngine(20573): Processing frame: input 1, size 1920x1080
06-02 20:33:10.721 W/dk.video.sample(20573): [SurfaceTexture-1-20573-0] bindTextureImage: clearing GL error: 0x502
06-02 20:33:10.721 D/FilterEngine(20573): Processing frame: input 1, size 1920x1080
06-02 20:33:10.761 W/dk.video.sample(20573): [SurfaceTexture-1-20573-0] bindTextureImage: clearing GL error: 0x502
06-02 20:33:10.762 D/FilterEngine(20573): Processing frame: input 1, size 1920x1080
06-02 20:33:10.805 W/dk.video.sample(20573): [SurfaceTexture-1-20573-0] bindTextureImage: clearing GL error: 0x502
06-02 20:33:10.805 D/FilterEngine(20573): Processing frame: input 1, size 1920x1080
06-02 20:33:10.846 W/dk.video.sample(20573): [SurfaceTexture-1-20573-0] bindTextureImage: clearing GL error: 0x502
06-02 20:33:10.846 D/FilterEngine(20573): Processing frame: input 1, size 1920x1080
06-02 20:33:10.885 W/dk.video.sample(20573): [SurfaceTexture-1-20573-0] bindTextureImage: clearing GL error: 0x502
06-02 20:33:10.885 D/FilterEngine(20573): Processing frame: input 1, size 1920x1080
06-02 20:33:10.929 W/dk.video.sample(20573): [SurfaceTexture-1-20573-0] bindTextureImage: clearing GL error: 0x502
06-02 20:33:10.929 D/FilterEngine(20573): Processing frame: input 1, size 1920x1080
06-02 20:33:10.964 W/dk.video.sample(20573): [SurfaceTexture-1-20573-0] bindTextureImage: clearing GL error: 0x502
06-02 20:33:10.964 D/FilterEngine(20573): Processing frame: input 1, size 1920x1080
06-02 20:33:11.009 W/dk.video.sample(20573): [SurfaceTexture-1-20573-0] bindTextureImage: clearing GL error: 0x502
06-02 20:33:11.010 D/FilterEngine(20573): Processing frame: input 1, size 1920x1080
06-02 20:33:11.049 W/dk.video.sample(20573): [SurfaceTexture-1-20573-0] bindTextureImage: clearing GL error: 0x502
06-02 20:33:11.050 D/FilterEngine(20573): Processing frame: input 1, size 1920x1080
06-02 20:33:11.085 W/dk.video.sample(20573): [SurfaceTexture-1-20573-0] bindTextureImage: clearing GL error: 0x502
06-02 20:33:11.085 D/FilterEngine(20573): Processing frame: input 1, size 1920x1080
06-02 20:33:11.126 W/dk.video.sample(20573): [SurfaceTexture-1-20573-0] bindTextureImage: clearing GL error: 0x502
06-02 20:33:11.127 D/FilterEngine(20573): Processing frame: input 1, size 1920x1080
06-02 20:33:11.162 W/dk.video.sample(20573): [SurfaceTexture-1-20573-0] bindTextureImage: clearing GL error: 0x502
06-02 20:33:11.162 D/FilterEngine(20573): Processing frame: input 1, size 1920x1080
06-02 20:33:11.206 W/dk.video.sample(20573): [SurfaceTexture-1-20573-0] bindTextureImage: clearing GL error: 0x502
06-02 20:33:11.206 D/FilterEngine(20573): Processing frame: input 1, size 1920x1080
06-02 20:33:11.243 W/dk.video.sample(20573): [SurfaceTexture-1-20573-0] bindTextureImage: clearing GL error: 0x502
06-02 20:33:11.243 D/FilterEngine(20573): Processing frame: input 1, size 1920x1080
06-02 20:33:11.282 W/dk.video.sample(20573): [SurfaceTexture-1-20573-0] bindTextureImage: clearing GL error: 0x502
06-02 20:33:11.283 D/FilterEngine(20573): Processing frame: input 1, size 1920x1080
06-02 20:33:11.319 W/dk.video.sample(20573): [SurfaceTexture-1-20573-0] bindTextureImage: clearing GL error: 0x502
06-02 20:33:11.319 D/FilterEngine(20573): Processing frame: input 1, size 1920x1080
06-02 20:33:11.361 W/dk.video.sample(20573): [SurfaceTexture-1-20573-0] bindTextureImage: clearing GL error: 0x502
06-02 20:33:11.362 D/FilterEngine(20573): Processing frame: input 1, size 1920x1080
06-02 20:33:11.399 W/dk.video.sample(20573): [SurfaceTexture-1-20573-0] bindTextureImage: clearing GL error: 0x502
